// Jest Snapshot v1, https://goo.gl/fbAQLP

exports[`GameOver test cases GameOver renders correctly 1`] = `
<DocumentFragment>
  <div
    class="css-ap4m5y"
  >
    🙁
  </div>
</DocumentFragment>
`;

exports[`GameOver test cases GameOver with win check 1`] = `
<DocumentFragment>
  <div
    class="css-ap4m5y"
  >
    😎
  </div>
</DocumentFragment>
`;
